// Jest Snapshot v1, https://goo.gl/fbAQLP

exports[`arrayToCsv should convert to csv correctly 1`] = `
"Name,parent,Created at (UTC),count
cam3,site_random,\\"Mon, 17 Jun 2019 13:20:25 GMT\\",11
test 2,1foooooobgar1,,0
view,1foooooobgar1,,41
DCV N1,goooo parent,,50
DCV N2,E000000000000090,\\"Mon, 17 Jun 2019 13:21:55 GMT\\",81
DCV N1,E000000000000090,\\"Fri, 14 Jun 2019 14:17:44 GMT\\",6
DCV N2,E000000000000090,\\"Fri, 14 Jun 2019 14:17:43 GMT\\",6
foo,üñiçøď€,\\"Mon, 24 Jun 2019 15:00:00 GMT\\",4
sdfsdf,siteo,\\"Thu, 06 Jun 2019 17:00:00 GMT\\",5"
`;

exports[`arrayToCsv should transform correctly 1`] = `
Array [
  Object {
    "Created at (UTC)": "Mon, 17 Jun 2019 13:20:25 GMT",
    "Name": "cam3",
    "count": "11",
    "parent": "site_random",
  },
  Object {
    "Created at (UTC)": "",
    "Name": "test 2",
    "count": "0",
    "parent": "1foooooobgar1",
  },
  Object {
    "Created at (UTC)": "",
    "Name": "view",
    "count": "41",
    "parent": "1foooooobgar1",
  },
  Object {
    "Created at (UTC)": "",
    "Name": "DCV N1",
    "count": "50",
    "parent": "goooo parent",
  },
  Object {
    "Created at (UTC)": "Mon, 17 Jun 2019 13:21:55 GMT",
    "Name": "DCV N2",
    "count": "81",
    "parent": "E000000000000090",
  },
  Object {
    "Created at (UTC)": "Fri, 14 Jun 2019 14:17:44 GMT",
    "Name": "DCV N1",
    "count": "6",
    "parent": "E000000000000090",
  },
  Object {
    "Created at (UTC)": "Fri, 14 Jun 2019 14:17:43 GMT",
    "Name": "DCV N2",
    "count": "6",
    "parent": "E000000000000090",
  },
  Object {
    "Created at (UTC)": "Mon, 24 Jun 2019 15:00:00 GMT",
    "Name": "foo",
    "count": "4",
    "parent": "üñiçøď€",
  },
  Object {
    "Created at (UTC)": "Thu, 06 Jun 2019 17:00:00 GMT",
    "Name": "sdfsdf",
    "count": "5",
    "parent": "siteo",
  },
]
`;
